
> metallix-pocket-model@1.0.0 build
> vite build && esbuild server.ts --bundle --platform=node --format=cjs --packages=external --sourcemap --outfile=dist/server.cjs

vite v6.4.3 building for production...
transforming...
✓ 3593 modules transformed.
rendering chunks...
computing gzip size...
dist/index.html                                            2.04 kB │ gzip:   0.90 kB
dist/assets/stlParserWorker-DNG4hxGG.js                    2.62 kB
dist/assets/index-i6JWJLg_.css                           316.43 kB │ gzip:  41.88 kB
dist/assets/VisibleResponsiveContainer-BLv7H_oT.js         0.15 kB │ gzip:   0.15 kB
dist/assets/check-DGz902He.js                              0.29 kB │ gzip:   0.24 kB
dist/assets/chevron-right-BXcDb9hZ.js                      0.30 kB │ gzip:   0.25 kB
dist/assets/LineChart-Cy5-6Qhd.js                          0.31 kB │ gzip:   0.24 kB
dist/assets/ComposedChart-BtJgRp0d.js                      0.31 kB │ gzip:   0.25 kB
dist/assets/thermometer-DsI6mKkO.js                        0.33 kB │ gzip:   0.26 kB
dist/assets/terminal-CIzFT21B.js                           0.34 kB │ gzip:   0.26 kB
dist/assets/clock-VXcpl3EM.js                              0.34 kB │ gzip:   0.27 kB
dist/assets/circle-check-i7FJ2DMQ.js                       0.35 kB │ gzip:   0.27 kB
dist/assets/trending-up-CpEFhQK1.js                        0.35 kB │ gzip:   0.27 kB
dist/assets/gauge-m1trURg_.js                              0.35 kB │ gzip:   0.27 kB
dist/assets/play-z-HuXP1M.js                               0.36 kB │ gzip:   0.28 kB
dist/assets/graphicalItemSelectors-D0FucIYt.js             0.37 kB │ gzip:   0.20 kB
dist/assets/info-DvpSnrhF.js                               0.37 kB │ gzip:   0.28 kB
dist/assets/rotate-ccw-BSHvEIoe.js                         0.37 kB │ gzip:   0.29 kB
dist/assets/target-Bi5J39tl.js                             0.39 kB │ gzip:   0.27 kB
dist/assets/upload-DSLYOP2-.js                             0.40 kB │ gzip:   0.30 kB
dist/assets/copy-CGjoh5-0.js                               0.40 kB │ gzip:   0.31 kB
dist/assets/download-C2TRP32k.js                           0.41 kB │ gzip:   0.30 kB
dist/assets/activity-CLfZktE3.js                           0.41 kB │ gzip:   0.30 kB
dist/assets/database-BjkPL4Mq.js                           0.42 kB │ gzip:   0.31 kB
dist/assets/compass-DYF8pohx.js                            0.42 kB │ gzip:   0.31 kB
dist/assets/external-link-CopYX8-s.js                      0.42 kB │ gzip:   0.30 kB
dist/assets/eye-gddr1HZa.js                                0.42 kB │ gzip:   0.30 kB
dist/assets/chart-column-CbCj3ROp.js                       0.42 kB │ gzip:   0.30 kB
dist/assets/table-CKK57bx8.js                              0.43 kB │ gzip:   0.31 kB
dist/assets/zap-CNVLbovi.js                                0.44 kB │ gzip:   0.31 kB
dist/assets/triangle-alert-rAGNAEMQ.js                     0.44 kB │ gzip:   0.32 kB
dist/assets/award-CSN1YMp6.js                              0.44 kB │ gzip:   0.33 kB
dist/assets/grid-3x3-B12_qac2.js                           0.47 kB │ gzip:   0.32 kB
dist/assets/scissors-5inpmCwV.js                           0.48 kB │ gzip:   0.32 kB
dist/assets/box-BQXmmsgd.js                                0.48 kB │ gzip:   0.33 kB
dist/assets/engineeringDisclaimer-CAf5FDBF.js              0.49 kB │ gzip:   0.37 kB
dist/assets/file-code-CmgxBzil.js                          0.49 kB │ gzip:   0.32 kB
dist/assets/refresh-cw-B58ts92M.js                         0.49 kB │ gzip:   0.33 kB
dist/assets/trash-2-Cjd81uVn.js                            0.50 kB │ gzip:   0.32 kB
dist/assets/bot-Sv6lY7LU.js                                0.50 kB │ gzip:   0.33 kB
dist/assets/file-text-CR8HViMt.js                          0.51 kB │ gzip:   0.32 kB
dist/assets/camera-CD9ddsdt.js                             0.51 kB │ gzip:   0.35 kB
dist/assets/Dot-CbPk04oY.js                                0.52 kB │ gzip:   0.36 kB
dist/assets/crosshair-BEuF9u-p.js                          0.53 kB │ gzip:   0.32 kB
dist/assets/scale-QCgAKiUH.js                              0.54 kB │ gzip:   0.34 kB
dist/assets/tooltipContext-DPETkld8.js                     0.54 kB │ gzip:   0.28 kB
dist/assets/file-spreadsheet-COBA8RRI.js                   0.55 kB │ gzip:   0.33 kB
dist/assets/microscope-DnlhAbe8.js                         0.56 kB │ gzip:   0.35 kB
dist/assets/sliders-vertical-DGzfIB6v.js                   0.60 kB │ gzip:   0.34 kB
dist/assets/sliders-horizontal-DVasXGMX.js                 0.60 kB │ gzip:   0.35 kB
dist/assets/atom-Btd6--lB.js                               0.60 kB │ gzip:   0.38 kB
dist/assets/sparkles-D4TkLonk.js                           0.67 kB │ gzip:   0.39 kB
dist/assets/CartesianScaleHelper-LjWuplES.js               0.77 kB │ gzip:   0.30 kB
dist/assets/plus-_cWfQMaU.js                               0.82 kB │ gzip:   0.44 kB
dist/assets/zoom-out-BW4aWFMD.js                           0.85 kB │ gzip:   0.34 kB
dist/assets/boxes-BHGGWnXF.js                              1.02 kB │ gzip:   0.51 kB
dist/assets/ResearchIntegrationPanel-BRGUe12D.js           2.20 kB │ gzip:   1.06 kB
dist/assets/ExperimentalValidationLab-BhSN_xNp.js          3.24 kB │ gzip:   1.53 kB
dist/assets/ReferenceLine-BJ1mKeS-.js                      3.71 kB │ gzip:   1.66 kB
dist/assets/OpticalTomographyLab-DkAjbt6B.js               4.43 kB │ gzip:   1.78 kB
dist/assets/ToolpathThermalMapLab-gKXMSKUm.js              4.57 kB │ gzip:   1.79 kB
dist/assets/PowderDEMCompactionLab-BpFk1SQD.js             4.88 kB │ gzip:   1.89 kB
dist/assets/meltPoolLiteratureCases-D-7TnYjX.js            5.40 kB │ gzip:   1.79 kB
dist/assets/TransientEnthalpy3DGPULab-DaPDzgoL.js          6.31 kB │ gzip:   1.90 kB
dist/assets/IndustrialCertificationLab-DUzdU2tU.js         6.43 kB │ gzip:   2.05 kB
dist/assets/EvidenceWorkspace-BZurW3qf.js                  6.63 kB │ gzip:   2.63 kB
dist/assets/LpbfAdaptiveMitigationLab-Dzne80sW.js          7.25 kB │ gzip:   2.32 kB
dist/assets/lpbfSourceService-CVHw1S9n.js                  7.39 kB │ gzip:   2.93 kB
dist/assets/ModulusFNOLab-BNvxfgn3.js                      7.49 kB │ gzip:   2.31 kB
dist/assets/AIOrchestratorPanel-D2WFNvW5.js                7.90 kB │ gzip:   2.87 kB
dist/assets/ThermomechanicalDistortionLab-C8ZhzyaL.js      7.92 kB │ gzip:   2.70 kB
dist/assets/LpbfToolpathStudioLab-DLSSuYEn.js              8.31 kB │ gzip:   2.46 kB
dist/assets/MurakamiFatigueLab-7r1JeoF8.js                 8.38 kB │ gzip:   2.70 kB
dist/assets/LpbfDefectTwinLab-DFrwUMJl.js                  9.15 kB │ gzip:   2.78 kB
dist/assets/LpbfBayesianOptimizerLab-B1sVXoyO.js           9.74 kB │ gzip:   2.67 kB
dist/assets/MetallurgyCopilot-CxCZL4-_.js                 10.21 kB │ gzip:   4.21 kB
dist/assets/SolidificationMicrostructureLab-BQMK8hw3.js   11.08 kB │ gzip:   3.82 kB
dist/assets/MultiTrackThermalLab-CIyxNqIJ.js              11.74 kB │ gzip:   3.33 kB
dist/assets/ScatterChart-BVBi4TVf.js                      11.84 kB │ gzip:   4.37 kB
dist/assets/SendToModuleButton-BSkAY5jX.js                11.85 kB │ gzip:   4.03 kB
dist/assets/exportAerospaceCoC-Dz9_N3Vt.js                12.12 kB │ gzip:   4.31 kB
dist/assets/MultiLaserPlumeLab-BUwoEITH.js                12.65 kB │ gzip:   3.67 kB
dist/assets/AreaChart-C0Wj3nkX.js                         14.71 kB │ gzip:   5.31 kB
dist/assets/Legend-D_jDGrZK.js                            14.96 kB │ gzip:   4.99 kB
dist/assets/Line-D6dGtFhJ.js                              16.61 kB │ gzip:   5.37 kB
dist/assets/PieChart-DuYFK7Nb.js                          18.08 kB │ gzip:   5.85 kB
dist/assets/useResearchStore-Q3a9kI5J.js                  19.17 kB │ gzip:   6.24 kB
dist/assets/BarChart-yCpZjpYv.js                          20.29 kB │ gzip:   6.92 kB
dist/assets/KeyholeRaytracingLab-YsG1QSlR.js              25.20 kB │ gzip:   8.25 kB
dist/assets/PhaseKineticsTTTCCTStudio-DPOZqKHW.js         28.37 kB │ gzip:   7.20 kB
dist/assets/purify.es-CYR4BTuT.js                         28.93 kB │ gzip:  11.14 kB
dist/assets/diverging-WzqiU13S.js                         29.46 kB │ gzip:  11.28 kB
dist/assets/transform-kZg5X06t.js                         31.82 kB │ gzip:  10.14 kB
dist/assets/IndustrialLPBFDecisionLab-KdVEMoyE.js         32.95 kB │ gzip:   9.35 kB
dist/assets/MaterialsProjectExplorer-COXqTVdr.js          33.76 kB │ gzip:   8.15 kB
dist/assets/AerospaceAuditReportGenerator-B9Cqngv_.js     39.77 kB │ gzip:  10.48 kB
dist/assets/ICMEMultiScalePipelineStudio-Tv7nO88G.js      40.80 kB │ gzip:   8.40 kB
dist/assets/MeltPool3DCrossSectionLab-BegGWljp.js         44.12 kB │ gzip:  11.91 kB
dist/assets/AdvancedResearchHub-C47paJqK.js               45.26 kB │ gzip:  13.76 kB
dist/assets/DigitalTwinHub-DVW4-N5u.js                    51.99 kB │ gzip:  11.22 kB
dist/assets/StandardQualificationEngine-B6cDL_FO.js       56.46 kB │ gzip:  13.83 kB
dist/assets/UQLab-CTdpomoL.js                             57.06 kB │ gzip:  16.39 kB
dist/assets/useLpbfBuildJobStore-DTvtlAgA.js              61.41 kB │ gzip:  12.68 kB
dist/assets/EDSSpectrumLab-BsVTDMwS.js                    81.84 kB │ gzip:  23.57 kB
dist/assets/MaterialsDatabaseView-kulED-N5.js             99.14 kB │ gzip:  29.32 kB
dist/assets/PhaseDiagramViewer-5Ku5lIzw.js               106.89 kB │ gzip:  24.82 kB
dist/assets/MicrographLab-B5_U2--5.js                    110.81 kB │ gzip:  28.30 kB
dist/assets/BasicSTLSlicerLab-BhN6HghM.js                125.24 kB │ gzip:  39.49 kB
dist/assets/PocketCalculators-BGMvPIA-.js                143.12 kB │ gzip:  33.08 kB
dist/assets/OrbitControls-BT1nTEUW.js                    154.28 kB │ gzip:  49.95 kB
dist/assets/index.es-L5ALYYi3.js                         159.77 kB │ gzip:  53.57 kB
dist/assets/html2canvas.esm-QH1iLAAe.js                  202.38 kB │ gzip:  48.04 kB
dist/assets/AlloyBuilder-Dy73806K.js                     216.43 kB │ gzip:  51.77 kB
dist/assets/CorrosionEngineeringLab-BiwswCAa.js          221.96 kB │ gzip:  54.21 kB
dist/assets/LpbfEngineeringWorkspace-RoArpb05.js         243.03 kB │ gzip:  69.01 kB
dist/assets/CartesianChart-BpcXg2DT.js                   323.03 kB │ gzip:  93.32 kB
dist/assets/index-BsTZtM4M.js                            345.18 kB │ gzip: 111.62 kB
dist/assets/jspdf.plugin.autotable-Btta_RLW.js           421.39 kB │ gzip: 138.14 kB
dist/assets/three.module-Dy_vXu0W.js                     734.16 kB │ gzip: 190.07 kB

(!) Some chunks are larger than 500 kB after minification. Consider:
- Using dynamic import() to code-split the application
- Use build.rollupOptions.output.manualChunks to improve chunking: https://rollupjs.org/configuration-options/#output-manualchunks
- Adjust chunk size limit for this warning via build.chunkSizeWarningLimit.
✓ built in 2m 7s

  dist\server.cjs      344.0kb
  dist\server.cjs.map  641.2kb

Done in 37ms
