✖ Vite watches application edits without reacting to generated LPBF evidence (5425.5728ms)
ℹ tests 1
ℹ suites 0
ℹ pass 0
ℹ fail 1
ℹ cancelled 0
ℹ skipped 0
ℹ todo 0
ℹ duration_ms 6497.251

✖ failing tests:

test at tests\vite-watch.test.ts:9:1
✖ Vite watches application edits without reacting to generated LPBF evidence (5425.5728ms)
  AssertionError [ERR_ASSERTION]: application source watcher must become ready
      at TestContext.<anonymous> (C:\Users\can02\Projects\metalliksaa\Metalliksa-1\.runtime\v1-input-claims-native-20261003\tests\vite-watch.test.ts:38:12)
      at async Test.run (node:internal/test_runner/test:1404:7)
      at async startSubtestAfterBootstrap (node:internal/test_runner/harness:387:3) {
    generatedMessage: false,
    code: 'ERR_ASSERTION',
    actual: false,
    expected: true,
    operator: '==',
    diff: 'simple'
  }
