test_nonuniform_enthalpy_solution_matches_independent_production_operator (test_lpbf_production_transient_manufactured.ProductionTransientManufactured.test_nonuniform_enthalpy_solution_matches_independent_production_operator)
Compare production passive flux with an independent face-flux oracle. ... ok
test_piecewise_enthalpy_ramp_crosses_mushy_interval_with_refinement (test_lpbf_production_transient_manufactured.ProductionTransientManufactured.test_piecewise_enthalpy_ramp_crosses_mushy_interval_with_refinement)
Check phase-change enthalpy inversion against an analytic H(T) law. ... ok
test_uniform_enthalpy_ramp_is_time_step_independent_and_conservative (test_lpbf_production_transient_manufactured.ProductionTransientManufactured.test_uniform_enthalpy_ramp_is_time_step_independent_and_conservative)
A manufactured volumetric source exactly drives a uniform T(t) ramp. ... ok
test_mixed_boundary_eigenmode_converges_on_three_fixed_levels (test_lpbf_production_transient_manufactured.ProductionTransientManufacturedDiffusion.test_mixed_boundary_eigenmode_converges_on_three_fixed_levels) ... ok
test_crlf_diagnostics_blank_lines_and_indentation_are_preserved (test_lpbf_worker_failure_message.ExecutionFailureMessageTests.test_crlf_diagnostics_blank_lines_and_indentation_are_preserved) ... ok
test_deep_json_is_retained_without_recursion_error (test_lpbf_worker_failure_message.ExecutionFailureMessageTests.test_deep_json_is_retained_without_recursion_error) ... ok
test_malformed_and_non_frame_json_lines_are_preserved (test_lpbf_worker_failure_message.ExecutionFailureMessageTests.test_malformed_and_non_frame_json_lines_are_preserved) ... ok
test_only_exact_valid_progress_frames_are_removed (test_lpbf_worker_failure_message.ExecutionFailureMessageTests.test_only_exact_valid_progress_frames_are_removed) ... ok
test_tail_limit_is_applied_after_valid_frames_are_filtered (test_lpbf_worker_failure_message.ExecutionFailureMessageTests.test_tail_limit_is_applied_after_valid_frames_are_filtered) ... ok
test_traceback_error_and_last_valid_cpu_summary_are_retained (test_lpbf_worker_failure_message.ExecutionFailureMessageTests.test_traceback_error_and_last_valid_cpu_summary_are_retained) ... ok
test_valid_frames_only_fall_back_to_solver_exit_code (test_lpbf_worker_failure_message.ExecutionFailureMessageTests.test_valid_frames_only_fall_back_to_solver_exit_code) ... ok
test_whitespace_only_log_falls_back_to_solver_exit_code (test_lpbf_worker_failure_message.ExecutionFailureMessageTests.test_whitespace_only_log_falls_back_to_solver_exit_code) ... ok
test_failure_message_uses_last_valid_accepted_state (test_lpbf_worker_run_progress.WorkerRunProgressTests.test_failure_message_uses_last_valid_accepted_state) ... ok
test_legacy_or_unsupported_errors_do_not_gain_progress_claim (test_lpbf_worker_run_progress.WorkerRunProgressTests.test_legacy_or_unsupported_errors_do_not_gain_progress_claim) ... ok
test_only_supported_cpu_single_solves_get_tracker (test_lpbf_worker_run_progress.WorkerRunProgressTests.test_only_supported_cpu_single_solves_get_tracker) ... ok
test_postprocessing_failure_retains_completed_thermal_work (test_lpbf_worker_run_progress.WorkerRunProgressTests.test_postprocessing_failure_retains_completed_thermal_work) ... ok
test_unsupported_worker_path_keeps_legacy_signature_and_error (test_lpbf_worker_run_progress.WorkerRunProgressTests.test_unsupported_worker_path_keeps_legacy_signature_and_error) ... ok
test_worker_failure_consumes_tracker_and_never_writes_result (test_lpbf_worker_run_progress.WorkerRunProgressTests.test_worker_failure_consumes_tracker_and_never_writes_result) ... ok
test_zero_step_failure_is_reported_without_last_dt (test_lpbf_worker_run_progress.WorkerRunProgressTests.test_zero_step_failure_is_reported_without_last_dt) ... ok
test_automatic_cpu_failure_carries_work_without_publishing_result (test_lpbf_worker_auto_progress.WorkerAutomaticProgressTests.test_automatic_cpu_failure_carries_work_without_publishing_result) ... ok
test_explicit_openfoam_path_keeps_legacy_signature_and_error (test_lpbf_worker_auto_progress.WorkerAutomaticProgressTests.test_explicit_openfoam_path_keeps_legacy_signature_and_error) ... ok
test_invalid_capability_file_does_not_claim_started_cpu_work (test_lpbf_worker_auto_progress.WorkerAutomaticProgressTests.test_invalid_capability_file_does_not_claim_started_cpu_work) ... ok
test_publication_failure_after_return_retains_completed_work (test_lpbf_worker_auto_progress.WorkerAutomaticProgressTests.test_publication_failure_after_return_retains_completed_work) ... ok
test_tracker_candidate_matches_existing_automatic_dispatch_edges (test_lpbf_worker_auto_progress.WorkerAutomaticProgressTests.test_tracker_candidate_matches_existing_automatic_dispatch_edges) ... ok

----------------------------------------------------------------------
Ran 24 tests in 13.562s

OK
